for first time to create repository
Ganesh@LAPTOP-LQE0IR2G MINGW64 /g/Nikita/Articles (master)
$ git status
On branch master
Your branch is up to date with 'origin/master'.

Untracked files:
  (use "git add <file>..." to include in what will be committed)
        MongoDB/mongo4.docx

nothing added to commit but untracked files present (use "git add" to track)

Ganesh@LAPTOP-LQE0IR2G MINGW64 /g/Nikita/Articles (master)
$ git init
Reinitialized existing Git repository in G:/Nikita/Articles/.git/

Ganesh@LAPTOP-LQE0IR2G MINGW64 /g/Nikita/Articles (master)
$ git add .

Ganesh@LAPTOP-LQE0IR2G MINGW64 /g/Nikita/Articles (master)
$ git status
On branch master
Your branch is up to date with 'origin/master'.

Changes to be committed:
  (use "git restore --staged <file>..." to unstage)
        new file:   MongoDB/mongo4.docx


Ganesh@LAPTOP-LQE0IR2G MINGW64 /g/Nikita/Articles (master)
$ git commit -m "mongo4"
[master 95e1686] mongo4
 1 file changed, 0 insertions(+), 0 deletions(-)
 create mode 100644 MongoDB/mongo4.docx

Ganesh@LAPTOP-LQE0IR2G MINGW64 /g/Nikita/Articles (master)
$ git remote add origin https://github.com/niki-123922/articles.git
fatal: remote origin already exists.

Ganesh@LAPTOP-LQE0IR2G MINGW64 /g/Nikita/Articles (master)
$  git push -u origin master
Enumerating objects: 6, done.
Counting objects: 100% (6/6), done.
Delta compression using up to 4 threads
Compressing objects: 100% (4/4), done.
Writing objects: 100% (4/4), 9.96 KiB | 4.98 MiB/s, done.
Total 4 (delta 1), reused 0 (delta 0), pack-reused 0
remote: Resolving deltas: 100% (1/1), completed with 1 local object.
To https://github.com/niki-123922/articles.git
   9b11eea..95e1686  master -> master
Branch 'master' set up to track remote branch 'master' from 'origin'.

Ganesh@LAPTOP-LQE0IR2G MINGW64 /g/Nikita/Articles (master)
$
